// Jest Snapshot v1, https://goo.gl/fbAQLP

exports[`BrowseIndex component Renders correctly 1`] = `
<React.Fragment>
  <div
    className="browse-index-container"
  >
    <h3>
      Search Index
    </h3>
    <ul
      className="list-alphabetical"
    >
      <li>
        <a
          className="browse-index-links"
          href="/search?f=a"
        >
          A
        </a>
      </li>
      <li>
        <a
          className="browse-index-links"
          href="/search?f=b"
        >
          B
        </a>
      </li>
      <li>
        <a
          className="browse-index-links"
          href="/search?f=c"
        >
          C
        </a>
      </li>
      <li>
        <a
          className="browse-index-links"
          href="/search?f=d"
        >
          D
        </a>
      </li>
      <li>
        <a
          className="browse-index-links"
          href="/search?f=e"
        >
          E
        </a>
      </li>
      <li>
        <a
          className="browse-index-links"
          href="/search?f=f"
        >
          F
        </a>
      </li>
      <li>
        <a
          className="browse-index-links"
          href="/search?f=g"
        >
          G
        </a>
      </li>
      <li>
        <a
          className="browse-index-links"
          href="/search?f=h"
        >
          H
        </a>
      </li>
      <li>
        <a
          className="browse-index-links"
          href="/search?f=i"
        >
          I
        </a>
      </li>
      <li>
        <a
          className="browse-index-links"
          href="/search?f=j"
        >
          J
        </a>
      </li>
      <li>
        <a
          className="browse-index-links"
          href="/search?f=k"
        >
          K
        </a>
      </li>
      <li>
        <a
          className="browse-index-links"
          href="/search?f=l"
        >
          L
        </a>
      </li>
      <li>
        <a
          className="browse-index-links"
          href="/search?f=m"
        >
          M
        </a>
      </li>
      <li>
        <a
          className="browse-index-links"
          href="/search?f=n"
        >
          N
        </a>
      </li>
      <li>
        <a
          className="browse-index-links"
          href="/search?f=o"
        >
          O
        </a>
      </li>
      <li>
        <a
          className="browse-index-links"
          href="/search?f=p"
        >
          P
        </a>
      </li>
      <li>
        <a
          className="browse-index-links"
          href="/search?f=q"
        >
          Q
        </a>
      </li>
      <li>
        <a
          className="browse-index-links"
          href="/search?f=r"
        >
          R
        </a>
      </li>
      <li>
        <a
          className="browse-index-links"
          href="/search?f=s"
        >
          S
        </a>
      </li>
      <li>
        <a
          className="browse-index-links"
          href="/search?f=t"
        >
          T
        </a>
      </li>
      <li>
        <a
          className="browse-index-links"
          href="/search?f=u"
        >
          U
        </a>
      </li>
      <li>
        <a
          className="browse-index-links"
          href="/search?f=v"
        >
          V
        </a>
      </li>
      <li>
        <a
          className="browse-index-links"
          href="/search?f=w"
        >
          W
        </a>
      </li>
      <li>
        <a
          className="browse-index-links"
          href="/search?f=x"
        >
          X
        </a>
      </li>
      <li>
        <a
          className="browse-index-links"
          href="/search?f=y"
        >
          Y
        </a>
      </li>
      <li>
        <a
          className="browse-index-links"
          href="/search?f=z"
        >
          Z
        </a>
      </li>
    </ul>
  </div>
  <Memo(Connect(DrinkList))
    search="a"
  />
</React.Fragment>
`;
