// Vitest Snapshot v1, https://vitest.dev/guide/snapshot.html

exports[`BrowseIndex component > Renders correctly 1`] = `
<React.Fragment>
  <styled.div>
    <styled.h3>
      Search Index
    </styled.h3>
    <styled.ul>
      <li>
        <Styled(Link)
          to="/search?f=a"
        >
          A
        </Styled(Link)>
      </li>
      <li>
        <Styled(Link)
          to="/search?f=b"
        >
          B
        </Styled(Link)>
      </li>
      <li>
        <Styled(Link)
          to="/search?f=c"
        >
          C
        </Styled(Link)>
      </li>
      <li>
        <Styled(Link)
          to="/search?f=d"
        >
          D
        </Styled(Link)>
      </li>
      <li>
        <Styled(Link)
          to="/search?f=e"
        >
          E
        </Styled(Link)>
      </li>
      <li>
        <Styled(Link)
          to="/search?f=f"
        >
          F
        </Styled(Link)>
      </li>
      <li>
        <Styled(Link)
          to="/search?f=g"
        >
          G
        </Styled(Link)>
      </li>
      <li>
        <Styled(Link)
          to="/search?f=h"
        >
          H
        </Styled(Link)>
      </li>
      <li>
        <Styled(Link)
          to="/search?f=i"
        >
          I
        </Styled(Link)>
      </li>
      <li>
        <Styled(Link)
          to="/search?f=j"
        >
          J
        </Styled(Link)>
      </li>
      <li>
        <Styled(Link)
          to="/search?f=k"
        >
          K
        </Styled(Link)>
      </li>
      <li>
        <Styled(Link)
          to="/search?f=l"
        >
          L
        </Styled(Link)>
      </li>
      <li>
        <Styled(Link)
          to="/search?f=m"
        >
          M
        </Styled(Link)>
      </li>
      <li>
        <Styled(Link)
          to="/search?f=n"
        >
          N
        </Styled(Link)>
      </li>
      <li>
        <Styled(Link)
          to="/search?f=o"
        >
          O
        </Styled(Link)>
      </li>
      <li>
        <Styled(Link)
          to="/search?f=p"
        >
          P
        </Styled(Link)>
      </li>
      <li>
        <Styled(Link)
          to="/search?f=q"
        >
          Q
        </Styled(Link)>
      </li>
      <li>
        <Styled(Link)
          to="/search?f=r"
        >
          R
        </Styled(Link)>
      </li>
      <li>
        <Styled(Link)
          to="/search?f=s"
        >
          S
        </Styled(Link)>
      </li>
      <li>
        <Styled(Link)
          to="/search?f=t"
        >
          T
        </Styled(Link)>
      </li>
      <li>
        <Styled(Link)
          to="/search?f=u"
        >
          U
        </Styled(Link)>
      </li>
      <li>
        <Styled(Link)
          to="/search?f=v"
        >
          V
        </Styled(Link)>
      </li>
      <li>
        <Styled(Link)
          to="/search?f=w"
        >
          W
        </Styled(Link)>
      </li>
      <li>
        <Styled(Link)
          to="/search?f=x"
        >
          X
        </Styled(Link)>
      </li>
      <li>
        <Styled(Link)
          to="/search?f=y"
        >
          Y
        </Styled(Link)>
      </li>
      <li>
        <Styled(Link)
          to="/search?f=z"
        >
          Z
        </Styled(Link)>
      </li>
    </styled.ul>
  </styled.div>
  <DrinkList
    search="a"
  />
</React.Fragment>
`;
